[{"Value":"1","Key":"A","File":"","IsSecret":false},{"Value":"2","Key":"B","File":"","IsSecret":true}]