Set-Item "env:A" -value "1"
Set-Item "env:B" -value "2"