[
  {
    "key": "A",
    "value": "1"
  },
  {
    "key": "B",
    "value": "2"
  }
]